// Jest Snapshot v1, https://goo.gl/fbAQLP

exports[`ClassInviteTable displays invites in a table 1`] = `
<div
  className="p-7"
>
  <div
    className="group block max-w-xl mx-auto p-6 bg-fcc-gray-15 border-2 border-fcc-gray-90 ring-1 ring-slate-900/5 shadow-lg space-y-3 hover:bg-fcc-gray-90 hover:ring-sky-500"
    href="#"
  >
    <div
      className="group flex items-center"
    >
      <h2
        className="text-slate-900 group-hover:text-white text-l font-semibold"
      >
        Classroom: 
        how to build a website
      </h2>
      <div
        className="wrapper group ml-auto flex items-center"
      >
        <div
          className="relative inline-block text-right"
        >
          <div>
            <button
              aria-expanded="true"
              aria-haspopup="true"
              className="inline-flex justify-center w-full rounded-md border border-gray-300 shadow-xl px-2 py-1 bg-white text-sm font-medium text-gray-700 hover:bg-[#ffbf00] focus:outline-none focus:ring-2 focus:ring-offset-2 focus:ring-offset-gray-100 focus:ring-indigo-500"
              id="menu-button"
              onClick={[Function]}
              type="button"
            >
              <svg
                className="h-4 w-4"
                fill="none"
                stroke="currentColor"
                strokeWidth="2"
                viewBox="0 0 24 24"
                xmlns="http://www.w3.org/2000/svg"
              >
                <path
                  d="M5 12h.01M12 12h.01M19 12h.01M6 12a1 1 0 11-2 0 1 1 0 012 0zm7 0a1 1 0 11-2 0 1 1 0 012 0zm7 0a1 1 0 11-2 0 1 1 0 012 0z"
                  strokeLinecap="round"
                  strokeLinejoin="round"
                />
              </svg>
            </button>
          </div>
        </div>
      </div>
    </div>
    <div>
      <h1
        className="text-slate-900 group-hover:text-white text-l"
      >
        learn how to build a website in a jiffy 
      </h1>
    </div>
    <button
      className="border-2 border-fcc-gray-15 bg-fcc-gray-90 text-white font-bold py-2 px-4 rounded"
      href="/dashboard/v2/cljbqrfoa0006kohk894ym6v3"
      onClick={[Function]}
      onMouseEnter={[Function]}
      onTouchStart={[Function]}
    >
      View Class
    </button>
  </div>
</div>
`;
