// Jest Snapshot v1, https://goo.gl/fbAQLP

exports[`Layout displays expected children 1`] = `
<div>
  <h1>
    I love freecodecamp
  </h1>
</div>
`;
